complete|0|
more|1|
complete|0|
more|1|
complete|0|
more|1|
complete|0|
more|0|"
complete|0|
more|0|
more|0|
complete|0|
complete|0|
more|1|
more|0|
more|1|
complete|0|
more|1|
complete|0|
more|1|
complete|0|
more|1|"
complete|0|
more|1|
complete|0|
more|0|
complete|0|
more|0|:
complete|0|
complete|0|
complete|0|
complete|0|
complete|0|
complete|0|
more|1|
complete|0|
more|0|/
complete|0|
complete|0|
complete|0|
complete|0|
complete|0|
complete|0|
more|1|
complete|0|
more|1|
complete|0|
more|1|
more|1|
complete|0|
more|1|
complete|0|
complete|0|
complete|0|
complete|0|
more|0|
more|0|
more|0|
complete|0|
more|1|
complete|0|
more|1|
complete|0|
more|0|
complete|0|
complete|0|
complete|0|
complete|0|
complete|0|
complete|0|
more|0|`
complete|0|
complete|0|
more|1|"
complete|0|
complete|0|
complete|0|
complete|0|
more|1|
complete|0|
complete|0|
more|1|
complete|0|
more|1|
complete|0|
complete|0|
more|0|
more|1|
complete|0|
complete|0|
complete|0|
complete|0|
complete|0|
complete|0|
complete|0|
more|1|
complete|0|
more|1|
complete|0|
more|1|
complete|0|
complete|0|
complete|0|
complete|0|
more|1|"
complete|0|
more|0|
complete|0|
complete|0|
complete|0|
complete|0|
complete|0|
complete|0|
complete|0|
complete|0|
complete|0|
complete|0|
more|0|
complete|0|
complete|0|
complete|0|
more|0|
complete|0|
more|1|
complete|0|
complete|0|
more|1|
more|1|
complete|0|
complete|0|
more|0|
complete|0|
complete|0|
complete|0|
complete|0|
complete|0|
complete|0|
complete|0|
